Compiling: src/preferences.c
